20260619T141357.743243 INFO:	Logging started. Version: 4.7.1 (tag: 4.7.1)
20260619T141357.743259 DEBUG:	SessionManager created
20260619T141358.831945 DEBUG:	constructing ReqReceiver 0x56036660db70
20260619T141358.831986 INFO:	connecting ReqReceiver to tcp://localhost:9003
20260619T141358.832326 DEBUG:	constructing ProtoParser 0x56036660e200
20260619T141358.832339 DEBUG:	constructing DefaultSensor 0x56036660e220
20260619T141358.832358 DEBUG:	creating MPPlanCalculator 0x560366607d00
20260619T141358.832364 WARN:	no rtplan file given, using default leaf bounds in: MPPlanCalculator /home/pborman/git/atlantictracking/src/tracking/mpplancalculator.cpp:30
20260619T141358.832641 DEBUG:	constructing SubReceiver 0x5603666037c0
20260619T141358.832672 DEBUG:	SubReceiver connected to endpoint tcp://localhost:5550
20260619T141358.832682 DEBUG:	constructing MPParser 0x56036660bb50
20260619T141358.832687 DEBUG:	constructing DefaultSensor 0x56036660c620
20260619T141358.832770 DEBUG:	constructing MPFullClient 0x56036660afb0
20260619T141358.832779 INFO:	Connecting MPFullClient on tcp://localhost:5554
20260619T141401.621046 INFO:	x y z mu 0 0 0 0
20260619T141401.661202 INFO:	x y z mu 0 0 0 0
20260619T141401.701561 INFO:	x y z mu 0 0 0 0
20260619T141401.740644 INFO:	x y z mu 0 0 0 0
20260619T141401.780969 INFO:	x y z mu 0 0 0 0
20260619T141401.821066 INFO:	x y z mu 0 0 0 0
20260619T141401.861276 INFO:	x y z mu 0 0 0 0
20260619T141401.901531 INFO:	x y z mu 0 0 0 0
20260619T141401.940773 INFO:	x y z mu 0 0 0 0
20260619T141401.981085 INFO:	x y z mu 0 0 0 0
20260619T141402.021130 INFO:	x y z mu 0 0 0 0
20260619T141402.061388 INFO:	x y z mu 0 0 0 0
20260619T141402.100684 INFO:	x y z mu 0 0 0 0
20260619T141402.140925 INFO:	x y z mu 0 0 0 0
20260619T141402.181140 INFO:	x y z mu 0 0 0 0
20260619T141402.221267 INFO:	x y z mu 0 0 0 0
20260619T141402.261600 INFO:	x y z mu 0 0 0 0
20260619T141402.300874 INFO:	x y z mu 0 0 0 0
20260619T141402.340982 INFO:	x y z mu 0 0 0 0
20260619T141402.381263 INFO:	x y z mu 0 0 0 0
20260619T141402.421388 INFO:	x y z mu 0 0 0 0
20260619T141402.460617 INFO:	x y z mu 0 0 0 0
20260619T141402.500873 INFO:	x y z mu 0 0 0 0
20260619T141402.541109 INFO:	x y z mu 0 0 0 0
20260619T141402.581161 INFO:	x y z mu 0 0 0 0
20260619T141402.621430 INFO:	x y z mu 0 0 0 0
20260619T141402.660651 INFO:	x y z mu 0 0 0 0
20260619T141402.701038 INFO:	x y z mu 0 0 0 0
20260619T141402.741183 INFO:	x y z mu 0 0 0 0
20260619T141402.781437 INFO:	x y z mu 0 0 0 0
20260619T141402.820650 INFO:	x y z mu 0 0 0 0
20260619T141402.860907 INFO:	x y z mu 0 0 0 0
20260619T141402.901276 INFO:	x y z mu 0 0 0 0
20260619T141402.941298 INFO:	x y z mu 0 0 0 0
20260619T141402.981625 INFO:	x y z mu 0 0 0 0
20260619T141403.021111 INFO:	x y z mu 0 0 0 0
20260619T141403.061439 INFO:	x y z mu 0 0 0 0
20260619T141403.101905 INFO:	x y z mu 0 0 0 0
20260619T141403.141117 INFO:	x y z mu 0 0 0 0
20260619T141403.181322 INFO:	x y z mu 0 0 0 0
20260619T141403.221763 INFO:	x y z mu 0 0 0 0
20260619T141403.261170 INFO:	x y z mu 0 0 0 0
20260619T141403.301580 INFO:	x y z mu 0 0 0 0
20260619T141403.341014 INFO:	x y z mu 0 0 0 0
20260619T141403.381371 INFO:	x y z mu 0 0 0 0
20260619T141403.421716 INFO:	x y z mu 0 0 0 0
20260619T141403.460857 INFO:	x y z mu 0 0 0 0
20260619T141403.501280 INFO:	x y z mu 0 0 0 0
20260619T141403.541660 INFO:	x y z mu 0 0 0 0
20260619T141403.581060 INFO:	x y z mu 0 0 0 0
20260619T141403.621214 INFO:	x y z mu 0 0 0 0
20260619T141403.661681 INFO:	x y z mu 0 0 0 0
20260619T141403.700985 INFO:	x y z mu 0 0 0 0
20260619T141403.741717 INFO:	x y z mu 0 0 0 0
20260619T141403.781002 INFO:	x y z mu 0 0 0 0
20260619T141403.821187 INFO:	x y z mu 0 0 0 0
20260619T141403.861633 INFO:	x y z mu 0 0 0 0
20260619T141403.900717 INFO:	x y z mu 0 0 0 0
20260619T141403.940896 INFO:	x y z mu 0 0 0 0
20260619T141403.981049 INFO:	x y z mu 0 0 0 0
20260619T141404.021359 INFO:	x y z mu 0 0 0 0
20260619T141404.061869 INFO:	x y z mu 0 0 0 0
20260619T141404.101294 INFO:	x y z mu 0 0 0 0
20260619T141404.141650 INFO:	x y z mu 0 0 0 0
20260619T141404.180970 INFO:	x y z mu 0 0 0 0
20260619T141404.221212 INFO:	x y z mu 0 0 0 0
20260619T141404.261263 INFO:	x y z mu 0 0 0 0
20260619T141404.301828 INFO:	x y z mu 0 0 0 0
20260619T141404.341346 INFO:	x y z mu 0 0 0 0
20260619T141404.381802 INFO:	x y z mu 0 0 0 0
20260619T141404.421031 INFO:	x y z mu 0 0 0 0
20260619T141404.461207 INFO:	x y z mu 0 0 0 0
20260619T141404.501320 INFO:	x y z mu 0 0 0 0
20260619T141404.540721 INFO:	x y z mu 0 0 0 0
20260619T141404.581231 INFO:	x y z mu 0 0 0 0
20260619T141404.621337 INFO:	x y z mu 0 0 0 0
20260619T141404.661965 INFO:	x y z mu 0 0 0 0
20260619T141404.701363 INFO:	x y z mu 0 0 0 0
20260619T141404.741756 INFO:	x y z mu 0 0 0 0
20260619T141404.781182 INFO:	x y z mu 0 0 0 0
20260619T141404.821447 INFO:	x y z mu 0 0 0 0
20260619T141404.861755 INFO:	x y z mu 0 0 0 0
20260619T141404.901056 INFO:	x y z mu 0 0 0 0
20260619T141404.941237 INFO:	x y z mu 0 0 0 0
20260619T141404.981655 INFO:	x y z mu 0 0 0 0
20260619T141405.020831 INFO:	x y z mu 0 0 0 0
20260619T141405.061293 INFO:	x y z mu 0 0 0 0
20260619T141405.101734 INFO:	x y z mu 0 0 0 0
20260619T141405.140968 INFO:	x y z mu 0 0 0 0
20260619T141405.181069 INFO:	x y z mu 0 0 0 0
20260619T141405.221496 INFO:	x y z mu 0 0 0 0
20260619T141405.260855 INFO:	x y z mu 0 0 0 0
20260619T141405.301324 INFO:	x y z mu 0 0 0 0
20260619T141405.341722 INFO:	x y z mu 0 0 0 0
20260619T141405.381086 INFO:	x y z mu 0 0 0 0
20260619T141405.421321 INFO:	x y z mu 0 0 0 0
20260619T141405.461796 INFO:	x y z mu 0 0 0 0
20260619T141405.501256 INFO:	x y z mu 0 0 0 0
20260619T141405.541363 INFO:	x y z mu 0 0 0 0
20260619T141405.580985 INFO:	x y z mu 0 0 0 0
20260619T141405.621138 INFO:	x y z mu 0 0 0 0
20260619T141405.661387 INFO:	x y z mu 0 0 0 0
20260619T141405.700935 INFO:	x y z mu 0 0 0 0
20260619T141405.741275 INFO:	x y z mu 0 0 0 0
20260619T141405.781650 INFO:	x y z mu 0 0 0 0
20260619T141405.820956 INFO:	x y z mu 0 0 0 0
20260619T141405.861255 INFO:	x y z mu 0 0 0 0
20260619T141405.901772 INFO:	x y z mu 0 0 0 0
20260619T141405.941127 INFO:	x y z mu 0 0 0 0
20260619T141405.981585 INFO:	x y z mu 0 0 0 0
20260619T141406.020746 INFO:	x y z mu 0 0 0 0
20260619T141406.061016 INFO:	x y z mu 0 0 0 0
20260619T141406.101276 INFO:	x y z mu 0 0 0 0
20260619T141406.141544 INFO:	x y z mu 0 0 0 0
20260619T141406.181152 INFO:	x y z mu 0 0 0 0
20260619T141406.221340 INFO:	x y z mu 0 0 0 0
20260619T141406.261721 INFO:	x y z mu 0 0 0 0
20260619T141406.300929 INFO:	x y z mu 0 0 0 0
20260619T141406.341322 INFO:	x y z mu 0 0 0 0
20260619T141406.381551 INFO:	x y z mu 0 0 0 0
20260619T141406.420727 INFO:	x y z mu 0 0 0 0
20260619T141406.461240 INFO:	x y z mu 0 0 0 0
20260619T141406.501617 INFO:	x y z mu 0 0 0 0
20260619T141406.540877 INFO:	x y z mu 0 0 0 0
20260619T141406.581240 INFO:	x y z mu 0 0 0 0
20260619T141406.621428 INFO:	x y z mu 0 0 0 0
20260619T141406.661062 INFO:	x y z mu 0 0 0 0
20260619T141406.701519 INFO:	x y z mu 0 0 0 0
20260619T141406.740790 INFO:	x y z mu 0 0 0 0
20260619T141406.781265 INFO:	x y z mu 0 0 0 0
20260619T141406.821407 INFO:	x y z mu 0 0 0 0
20260619T141406.861819 INFO:	x y z mu 0 0 0 0
20260619T141406.901284 INFO:	x y z mu 0 0 0 0
20260619T141406.941673 INFO:	x y z mu 0 0 0 0
20260619T141406.981002 INFO:	x y z mu 0 0 0 0
20260619T141407.021264 INFO:	x y z mu 0 0 0 0
20260619T141407.061700 INFO:	x y z mu 0 0 0 0
20260619T141407.100692 INFO:	x y z mu 0 0 0 0
20260619T141407.141247 INFO:	x y z mu 0 0 0 0
20260619T141407.181623 INFO:	x y z mu 0 0 0 0
20260619T141407.220698 INFO:	x y z mu 0 0 0 0
20260619T141407.261183 INFO:	x y z mu 0 0 0 0
